// Jest Snapshot v1, https://goo.gl/fbAQLP

exports[`ToggleButtonGroup renders the toggle buttons correctly 1`] = `
<div>
  <div>
    <button
      class="first:rounded-l last:rounded-r bg-base-100 border-2 border-base-400 font-600 inline-flex items-center justify-center m-0 py-1 px-2 text-sm uppercase text-primary-800 bg-primary-300 border-primary-600"
      data-testid="active-toggle-button"
      type="button"
      value="LOCK"
    >
      Lock
    </button>
    <button
      class="first:rounded-l last:rounded-r bg-base-100 border-2 border-base-400 font-600 inline-flex items-center justify-center m-0 py-1 px-2 text-sm uppercase first:border-r-0 last:border-l-0 hover:bg-base-200 hover:text-base-700 text-base-600"
      data-testid="toggle-button"
      type="button"
      value="UNLOCK"
    >
      Unlock
    </button>
  </div>
</div>
`;
