// Jest Snapshot v1, https://goo.gl/fbAQLP

exports[`SuccessButton has the correct style 1`] = `
<div>
  <button
    class="border-2 font-600 inline-flex items-center justify-center rounded-sm uppercase text-sm border-success-500 bg-success-200 hover:bg-success-300 hover:text-success-800 text-success-700 p-2"
    type="button"
  >
    Click me!
  </button>
</div>
`;
