// Jest Snapshot v1, https://goo.gl/fbAQLP

exports[`CondensedAlertButton renders the button 1`] = `
<div>
  <button
    class="border-2 font-600 inline-flex items-center justify-center rounded-sm border-alert-400 bg-alert-100 hover:bg-alert-200 hover:text-alert-700 text-alert-800 px-2"
    type="button"
  >
    Click me!
  </button>
</div>
`;
