// Jest Snapshot v1, https://goo.gl/fbAQLP

exports[`CondensedButton renders the button 1`] = `
<div>
  <button
    class="border-2 font-600 inline-flex items-center justify-center rounded-sm uppercase text-sm border-base-400 bg-base-100 hover:bg-base-200 hover:text-base-700 text-base-800 px-2"
    type="button"
  >
    Click me!
  </button>
</div>
`;
